// Jest Snapshot v1, https://goo.gl/fbAQLP

exports[`should render the App Header 1`] = `
<div
  className="AppHeader"
>
  <h1>
    Take That For Data
  </h1>
  <h2>
    Data from the teams in the Premier League, Bundesliga, Serie A, and La Liga
  </h2>
</div>
`;
